// Jest Snapshot v1, https://goo.gl/fbAQLP

exports[`should render snapshot the component <Header/>  1`] = `
<Header>
  <div
    className="makeStyles-root-1"
  >
    <WithStyles(ForwardRef(AppBar))
      position="static"
    >
      <ForwardRef(AppBar)
        classes={
          Object {
            "colorDefault": "MuiAppBar-colorDefault",
            "colorInherit": "MuiAppBar-colorInherit",
            "colorPrimary": "MuiAppBar-colorPrimary",
            "colorSecondary": "MuiAppBar-colorSecondary",
            "colorTransparent": "MuiAppBar-colorTransparent",
            "positionAbsolute": "MuiAppBar-positionAbsolute",
            "positionFixed": "MuiAppBar-positionFixed",
            "positionRelative": "MuiAppBar-positionRelative",
            "positionStatic": "MuiAppBar-positionStatic",
            "positionSticky": "MuiAppBar-positionSticky",
            "root": "MuiAppBar-root",
          }
        }
        position="static"
      >
        <WithStyles(ForwardRef(Paper))
          className="MuiAppBar-root MuiAppBar-positionStatic MuiAppBar-colorPrimary"
          component="header"
          elevation={4}
          square={true}
        >
          <ForwardRef(Paper)
            className="MuiAppBar-root MuiAppBar-positionStatic MuiAppBar-colorPrimary"
            classes={
              Object {
                "elevation0": "MuiPaper-elevation0",
                "elevation1": "MuiPaper-elevation1",
                "elevation10": "MuiPaper-elevation10",
                "elevation11": "MuiPaper-elevation11",
                "elevation12": "MuiPaper-elevation12",
                "elevation13": "MuiPaper-elevation13",
                "elevation14": "MuiPaper-elevation14",
                "elevation15": "MuiPaper-elevation15",
                "elevation16": "MuiPaper-elevation16",
                "elevation17": "MuiPaper-elevation17",
                "elevation18": "MuiPaper-elevation18",
                "elevation19": "MuiPaper-elevation19",
                "elevation2": "MuiPaper-elevation2",
                "elevation20": "MuiPaper-elevation20",
                "elevation21": "MuiPaper-elevation21",
                "elevation22": "MuiPaper-elevation22",
                "elevation23": "MuiPaper-elevation23",
                "elevation24": "MuiPaper-elevation24",
                "elevation3": "MuiPaper-elevation3",
                "elevation4": "MuiPaper-elevation4",
                "elevation5": "MuiPaper-elevation5",
                "elevation6": "MuiPaper-elevation6",
                "elevation7": "MuiPaper-elevation7",
                "elevation8": "MuiPaper-elevation8",
                "elevation9": "MuiPaper-elevation9",
                "outlined": "MuiPaper-outlined",
                "root": "MuiPaper-root",
                "rounded": "MuiPaper-rounded",
              }
            }
            component="header"
            elevation={4}
            square={true}
          >
            <header
              className="MuiPaper-root MuiAppBar-root MuiAppBar-positionStatic MuiAppBar-colorPrimary MuiPaper-elevation4"
            >
              <WithStyles(ForwardRef(Toolbar))
                variant="dense"
              >
                <ForwardRef(Toolbar)
                  classes={
                    Object {
                      "dense": "MuiToolbar-dense",
                      "gutters": "MuiToolbar-gutters",
                      "regular": "MuiToolbar-regular",
                      "root": "MuiToolbar-root",
                    }
                  }
                  variant="dense"
                >
                  <div
                    className="MuiToolbar-root MuiToolbar-dense MuiToolbar-gutters"
                  >
                    <WithStyles(ForwardRef(IconButton))
                      aria-label="menu"
                      className="makeStyles-menuButton-2"
                      color="inherit"
                      edge="start"
                    >
                      <ForwardRef(IconButton)
                        aria-label="menu"
                        className="makeStyles-menuButton-2"
                        classes={
                          Object {
                            "colorInherit": "MuiIconButton-colorInherit",
                            "colorPrimary": "MuiIconButton-colorPrimary",
                            "colorSecondary": "MuiIconButton-colorSecondary",
                            "disabled": "Mui-disabled",
                            "edgeEnd": "MuiIconButton-edgeEnd",
                            "edgeStart": "MuiIconButton-edgeStart",
                            "label": "MuiIconButton-label",
                            "root": "MuiIconButton-root",
                            "sizeSmall": "MuiIconButton-sizeSmall",
                          }
                        }
                        color="inherit"
                        edge="start"
                      >
                        <WithStyles(ForwardRef(ButtonBase))
                          aria-label="menu"
                          centerRipple={true}
                          className="MuiIconButton-root makeStyles-menuButton-2 MuiIconButton-colorInherit MuiIconButton-edgeStart"
                          disabled={false}
                          focusRipple={true}
                        >
                          <ForwardRef(ButtonBase)
                            aria-label="menu"
                            centerRipple={true}
                            className="MuiIconButton-root makeStyles-menuButton-2 MuiIconButton-colorInherit MuiIconButton-edgeStart"
                            classes={
                              Object {
                                "disabled": "Mui-disabled",
                                "focusVisible": "Mui-focusVisible",
                                "root": "MuiButtonBase-root",
                              }
                            }
                            disabled={false}
                            focusRipple={true}
                          >
                            <button
                              aria-label="menu"
                              className="MuiButtonBase-root MuiIconButton-root makeStyles-menuButton-2 MuiIconButton-colorInherit MuiIconButton-edgeStart"
                              disabled={false}
                              onBlur={[Function]}
                              onDragLeave={[Function]}
                              onFocus={[Function]}
                              onKeyDown={[Function]}
                              onKeyUp={[Function]}
                              onMouseDown={[Function]}
                              onMouseLeave={[Function]}
                              onMouseUp={[Function]}
                              onTouchEnd={[Function]}
                              onTouchMove={[Function]}
                              onTouchStart={[Function]}
                              tabIndex={0}
                              type="button"
                            >
                              <span
                                className="MuiIconButton-label"
                              >
                                <ForwardRef>
                                  <WithStyles(ForwardRef(SvgIcon))>
                                    <ForwardRef(SvgIcon)
                                      classes={
                                        Object {
                                          "colorAction": "MuiSvgIcon-colorAction",
                                          "colorDisabled": "MuiSvgIcon-colorDisabled",
                                          "colorError": "MuiSvgIcon-colorError",
                                          "colorPrimary": "MuiSvgIcon-colorPrimary",
                                          "colorSecondary": "MuiSvgIcon-colorSecondary",
                                          "fontSizeInherit": "MuiSvgIcon-fontSizeInherit",
                                          "fontSizeLarge": "MuiSvgIcon-fontSizeLarge",
                                          "fontSizeSmall": "MuiSvgIcon-fontSizeSmall",
                                          "root": "MuiSvgIcon-root",
                                        }
                                      }
                                    >
                                      <svg
                                        aria-hidden="true"
                                        className="MuiSvgIcon-root"
                                        focusable="false"
                                        role="presentation"
                                        viewBox="0 0 24 24"
                                      >
                                        <path
                                          d="M20 15.5c-1.25 0-2.45-.2-3.57-.57-.35-.11-.74-.03-1.02.24l-2.2 2.2c-2.83-1.44-5.15-3.75-6.59-6.59l2.2-2.21c.28-.26.36-.65.25-1C8.7 6.45 8.5 5.25 8.5 4c0-.55-.45-1-1-1H4c-.55 0-1 .45-1 1 0 9.39 7.61 17 17 17 .55 0 1-.45 1-1v-3.5c0-.55-.45-1-1-1zM19 12h2c0-4.97-4.03-9-9-9v2c3.87 0 7 3.13 7 7zm-4 0h2c0-2.76-2.24-5-5-5v2c1.66 0 3 1.34 3 3z"
                                        />
                                      </svg>
                                    </ForwardRef(SvgIcon)>
                                  </WithStyles(ForwardRef(SvgIcon))>
                                </ForwardRef>
                              </span>
                              <NoSsr>
                                <WithStyles(undefined)
                                  center={true}
                                >
                                  <ForwardRef(TouchRipple)
                                    center={true}
                                    classes={
                                      Object {
                                        "child": "MuiTouchRipple-child",
                                        "childLeaving": "MuiTouchRipple-childLeaving",
                                        "childPulsate": "MuiTouchRipple-childPulsate",
                                        "ripple": "MuiTouchRipple-ripple",
                                        "ripplePulsate": "MuiTouchRipple-ripplePulsate",
                                        "rippleVisible": "MuiTouchRipple-rippleVisible",
                                        "root": "MuiTouchRipple-root",
                                      }
                                    }
                                  >
                                    <span
                                      className="MuiTouchRipple-root"
                                    >
                                      <TransitionGroup
                                        childFactory={[Function]}
                                        component={null}
                                        exit={true}
                                      />
                                    </span>
                                  </ForwardRef(TouchRipple)>
                                </WithStyles(undefined)>
                              </NoSsr>
                            </button>
                          </ForwardRef(ButtonBase)>
                        </WithStyles(ForwardRef(ButtonBase))>
                      </ForwardRef(IconButton)>
                    </WithStyles(ForwardRef(IconButton))>
                    <WithStyles(ForwardRef(Typography))
                      color="inherit"
                      variant="h6"
                    >
                      <ForwardRef(Typography)
                        classes={
                          Object {
                            "alignCenter": "MuiTypography-alignCenter",
                            "alignJustify": "MuiTypography-alignJustify",
                            "alignLeft": "MuiTypography-alignLeft",
                            "alignRight": "MuiTypography-alignRight",
                            "body1": "MuiTypography-body1",
                            "body2": "MuiTypography-body2",
                            "button": "MuiTypography-button",
                            "caption": "MuiTypography-caption",
                            "colorError": "MuiTypography-colorError",
                            "colorInherit": "MuiTypography-colorInherit",
                            "colorPrimary": "MuiTypography-colorPrimary",
                            "colorSecondary": "MuiTypography-colorSecondary",
                            "colorTextPrimary": "MuiTypography-colorTextPrimary",
                            "colorTextSecondary": "MuiTypography-colorTextSecondary",
                            "displayBlock": "MuiTypography-displayBlock",
                            "displayInline": "MuiTypography-displayInline",
                            "gutterBottom": "MuiTypography-gutterBottom",
                            "h1": "MuiTypography-h1",
                            "h2": "MuiTypography-h2",
                            "h3": "MuiTypography-h3",
                            "h4": "MuiTypography-h4",
                            "h5": "MuiTypography-h5",
                            "h6": "MuiTypography-h6",
                            "noWrap": "MuiTypography-noWrap",
                            "overline": "MuiTypography-overline",
                            "paragraph": "MuiTypography-paragraph",
                            "root": "MuiTypography-root",
                            "srOnly": "MuiTypography-srOnly",
                            "subtitle1": "MuiTypography-subtitle1",
                            "subtitle2": "MuiTypography-subtitle2",
                          }
                        }
                        color="inherit"
                        variant="h6"
                      >
                        <h6
                          className="MuiTypography-root MuiTypography-h6 MuiTypography-colorInherit"
                        >
                          Fale Mais
                        </h6>
                      </ForwardRef(Typography)>
                    </WithStyles(ForwardRef(Typography))>
                  </div>
                </ForwardRef(Toolbar)>
              </WithStyles(ForwardRef(Toolbar))>
            </header>
          </ForwardRef(Paper)>
        </WithStyles(ForwardRef(Paper))>
      </ForwardRef(AppBar)>
    </WithStyles(ForwardRef(AppBar))>
  </div>
</Header>
`;

exports[`should render the header component  1`] = `
<Header>
  <div
    className="makeStyles-root-1"
  >
    <WithStyles(ForwardRef(AppBar))
      position="static"
    >
      <ForwardRef(AppBar)
        classes={
          Object {
            "colorDefault": "MuiAppBar-colorDefault",
            "colorInherit": "MuiAppBar-colorInherit",
            "colorPrimary": "MuiAppBar-colorPrimary",
            "colorSecondary": "MuiAppBar-colorSecondary",
            "colorTransparent": "MuiAppBar-colorTransparent",
            "positionAbsolute": "MuiAppBar-positionAbsolute",
            "positionFixed": "MuiAppBar-positionFixed",
            "positionRelative": "MuiAppBar-positionRelative",
            "positionStatic": "MuiAppBar-positionStatic",
            "positionSticky": "MuiAppBar-positionSticky",
            "root": "MuiAppBar-root",
          }
        }
        position="static"
      >
        <WithStyles(ForwardRef(Paper))
          className="MuiAppBar-root MuiAppBar-positionStatic MuiAppBar-colorPrimary"
          component="header"
          elevation={4}
          square={true}
        >
          <ForwardRef(Paper)
            className="MuiAppBar-root MuiAppBar-positionStatic MuiAppBar-colorPrimary"
            classes={
              Object {
                "elevation0": "MuiPaper-elevation0",
                "elevation1": "MuiPaper-elevation1",
                "elevation10": "MuiPaper-elevation10",
                "elevation11": "MuiPaper-elevation11",
                "elevation12": "MuiPaper-elevation12",
                "elevation13": "MuiPaper-elevation13",
                "elevation14": "MuiPaper-elevation14",
                "elevation15": "MuiPaper-elevation15",
                "elevation16": "MuiPaper-elevation16",
                "elevation17": "MuiPaper-elevation17",
                "elevation18": "MuiPaper-elevation18",
                "elevation19": "MuiPaper-elevation19",
                "elevation2": "MuiPaper-elevation2",
                "elevation20": "MuiPaper-elevation20",
                "elevation21": "MuiPaper-elevation21",
                "elevation22": "MuiPaper-elevation22",
                "elevation23": "MuiPaper-elevation23",
                "elevation24": "MuiPaper-elevation24",
                "elevation3": "MuiPaper-elevation3",
                "elevation4": "MuiPaper-elevation4",
                "elevation5": "MuiPaper-elevation5",
                "elevation6": "MuiPaper-elevation6",
                "elevation7": "MuiPaper-elevation7",
                "elevation8": "MuiPaper-elevation8",
                "elevation9": "MuiPaper-elevation9",
                "outlined": "MuiPaper-outlined",
                "root": "MuiPaper-root",
                "rounded": "MuiPaper-rounded",
              }
            }
            component="header"
            elevation={4}
            square={true}
          >
            <header
              className="MuiPaper-root MuiAppBar-root MuiAppBar-positionStatic MuiAppBar-colorPrimary MuiPaper-elevation4"
            >
              <WithStyles(ForwardRef(Toolbar))
                variant="dense"
              >
                <ForwardRef(Toolbar)
                  classes={
                    Object {
                      "dense": "MuiToolbar-dense",
                      "gutters": "MuiToolbar-gutters",
                      "regular": "MuiToolbar-regular",
                      "root": "MuiToolbar-root",
                    }
                  }
                  variant="dense"
                >
                  <div
                    className="MuiToolbar-root MuiToolbar-dense MuiToolbar-gutters"
                  >
                    <WithStyles(ForwardRef(IconButton))
                      aria-label="menu"
                      className="makeStyles-menuButton-2"
                      color="inherit"
                      edge="start"
                    >
                      <ForwardRef(IconButton)
                        aria-label="menu"
                        className="makeStyles-menuButton-2"
                        classes={
                          Object {
                            "colorInherit": "MuiIconButton-colorInherit",
                            "colorPrimary": "MuiIconButton-colorPrimary",
                            "colorSecondary": "MuiIconButton-colorSecondary",
                            "disabled": "Mui-disabled",
                            "edgeEnd": "MuiIconButton-edgeEnd",
                            "edgeStart": "MuiIconButton-edgeStart",
                            "label": "MuiIconButton-label",
                            "root": "MuiIconButton-root",
                            "sizeSmall": "MuiIconButton-sizeSmall",
                          }
                        }
                        color="inherit"
                        edge="start"
                      >
                        <WithStyles(ForwardRef(ButtonBase))
                          aria-label="menu"
                          centerRipple={true}
                          className="MuiIconButton-root makeStyles-menuButton-2 MuiIconButton-colorInherit MuiIconButton-edgeStart"
                          disabled={false}
                          focusRipple={true}
                        >
                          <ForwardRef(ButtonBase)
                            aria-label="menu"
                            centerRipple={true}
                            className="MuiIconButton-root makeStyles-menuButton-2 MuiIconButton-colorInherit MuiIconButton-edgeStart"
                            classes={
                              Object {
                                "disabled": "Mui-disabled",
                                "focusVisible": "Mui-focusVisible",
                                "root": "MuiButtonBase-root",
                              }
                            }
                            disabled={false}
                            focusRipple={true}
                          >
                            <button
                              aria-label="menu"
                              className="MuiButtonBase-root MuiIconButton-root makeStyles-menuButton-2 MuiIconButton-colorInherit MuiIconButton-edgeStart"
                              disabled={false}
                              onBlur={[Function]}
                              onDragLeave={[Function]}
                              onFocus={[Function]}
                              onKeyDown={[Function]}
                              onKeyUp={[Function]}
                              onMouseDown={[Function]}
                              onMouseLeave={[Function]}
                              onMouseUp={[Function]}
                              onTouchEnd={[Function]}
                              onTouchMove={[Function]}
                              onTouchStart={[Function]}
                              tabIndex={0}
                              type="button"
                            >
                              <span
                                className="MuiIconButton-label"
                              >
                                <ForwardRef>
                                  <WithStyles(ForwardRef(SvgIcon))>
                                    <ForwardRef(SvgIcon)
                                      classes={
                                        Object {
                                          "colorAction": "MuiSvgIcon-colorAction",
                                          "colorDisabled": "MuiSvgIcon-colorDisabled",
                                          "colorError": "MuiSvgIcon-colorError",
                                          "colorPrimary": "MuiSvgIcon-colorPrimary",
                                          "colorSecondary": "MuiSvgIcon-colorSecondary",
                                          "fontSizeInherit": "MuiSvgIcon-fontSizeInherit",
                                          "fontSizeLarge": "MuiSvgIcon-fontSizeLarge",
                                          "fontSizeSmall": "MuiSvgIcon-fontSizeSmall",
                                          "root": "MuiSvgIcon-root",
                                        }
                                      }
                                    >
                                      <svg
                                        aria-hidden="true"
                                        className="MuiSvgIcon-root"
                                        focusable="false"
                                        role="presentation"
                                        viewBox="0 0 24 24"
                                      >
                                        <path
                                          d="M20 15.5c-1.25 0-2.45-.2-3.57-.57-.35-.11-.74-.03-1.02.24l-2.2 2.2c-2.83-1.44-5.15-3.75-6.59-6.59l2.2-2.21c.28-.26.36-.65.25-1C8.7 6.45 8.5 5.25 8.5 4c0-.55-.45-1-1-1H4c-.55 0-1 .45-1 1 0 9.39 7.61 17 17 17 .55 0 1-.45 1-1v-3.5c0-.55-.45-1-1-1zM19 12h2c0-4.97-4.03-9-9-9v2c3.87 0 7 3.13 7 7zm-4 0h2c0-2.76-2.24-5-5-5v2c1.66 0 3 1.34 3 3z"
                                        />
                                      </svg>
                                    </ForwardRef(SvgIcon)>
                                  </WithStyles(ForwardRef(SvgIcon))>
                                </ForwardRef>
                              </span>
                              <NoSsr>
                                <WithStyles(undefined)
                                  center={true}
                                >
                                  <ForwardRef(TouchRipple)
                                    center={true}
                                    classes={
                                      Object {
                                        "child": "MuiTouchRipple-child",
                                        "childLeaving": "MuiTouchRipple-childLeaving",
                                        "childPulsate": "MuiTouchRipple-childPulsate",
                                        "ripple": "MuiTouchRipple-ripple",
                                        "ripplePulsate": "MuiTouchRipple-ripplePulsate",
                                        "rippleVisible": "MuiTouchRipple-rippleVisible",
                                        "root": "MuiTouchRipple-root",
                                      }
                                    }
                                  >
                                    <span
                                      className="MuiTouchRipple-root"
                                    >
                                      <TransitionGroup
                                        childFactory={[Function]}
                                        component={null}
                                        exit={true}
                                      />
                                    </span>
                                  </ForwardRef(TouchRipple)>
                                </WithStyles(undefined)>
                              </NoSsr>
                            </button>
                          </ForwardRef(ButtonBase)>
                        </WithStyles(ForwardRef(ButtonBase))>
                      </ForwardRef(IconButton)>
                    </WithStyles(ForwardRef(IconButton))>
                    <WithStyles(ForwardRef(Typography))
                      color="inherit"
                      variant="h6"
                    >
                      <ForwardRef(Typography)
                        classes={
                          Object {
                            "alignCenter": "MuiTypography-alignCenter",
                            "alignJustify": "MuiTypography-alignJustify",
                            "alignLeft": "MuiTypography-alignLeft",
                            "alignRight": "MuiTypography-alignRight",
                            "body1": "MuiTypography-body1",
                            "body2": "MuiTypography-body2",
                            "button": "MuiTypography-button",
                            "caption": "MuiTypography-caption",
                            "colorError": "MuiTypography-colorError",
                            "colorInherit": "MuiTypography-colorInherit",
                            "colorPrimary": "MuiTypography-colorPrimary",
                            "colorSecondary": "MuiTypography-colorSecondary",
                            "colorTextPrimary": "MuiTypography-colorTextPrimary",
                            "colorTextSecondary": "MuiTypography-colorTextSecondary",
                            "displayBlock": "MuiTypography-displayBlock",
                            "displayInline": "MuiTypography-displayInline",
                            "gutterBottom": "MuiTypography-gutterBottom",
                            "h1": "MuiTypography-h1",
                            "h2": "MuiTypography-h2",
                            "h3": "MuiTypography-h3",
                            "h4": "MuiTypography-h4",
                            "h5": "MuiTypography-h5",
                            "h6": "MuiTypography-h6",
                            "noWrap": "MuiTypography-noWrap",
                            "overline": "MuiTypography-overline",
                            "paragraph": "MuiTypography-paragraph",
                            "root": "MuiTypography-root",
                            "srOnly": "MuiTypography-srOnly",
                            "subtitle1": "MuiTypography-subtitle1",
                            "subtitle2": "MuiTypography-subtitle2",
                          }
                        }
                        color="inherit"
                        variant="h6"
                      >
                        <h6
                          className="MuiTypography-root MuiTypography-h6 MuiTypography-colorInherit"
                        >
                          Fale Mais
                        </h6>
                      </ForwardRef(Typography)>
                    </WithStyles(ForwardRef(Typography))>
                  </div>
                </ForwardRef(Toolbar)>
              </WithStyles(ForwardRef(Toolbar))>
            </header>
          </ForwardRef(Paper)>
        </WithStyles(ForwardRef(Paper))>
      </ForwardRef(AppBar)>
    </WithStyles(ForwardRef(AppBar))>
  </div>
</Header>
`;
